Monitor sidecar starting...
=== Monitoring shared data 2026-09-18T15:53:51Z ===
Input files:
total 16K    
drwxr-xr-x    2 root     root        4.0K Sep 18 15:53 .
drwxrwxrwx    5 root     root        4.0K Sep 18 15:53 ..
-rw-r--r--    1 root     root          31 Sep 18 15:53 metadata.txt
-rw-r--r--    1 root     root          27 Sep 18 15:53 sample.txt

Output files:
total 12K    
drwxr-xr-x    2 root     root        4.0K Sep 18 15:53 .
drwxrwxrwx    5 root     root        4.0K Sep 18 15:53 ..
-rw-r--r--    1 root     root          74 Sep 18 15:53 processed.txt

Latest processed result:
Processing: Sample data for processing
Processed at: 2026-09-18T15:53:51Z

---
=== Monitoring shared data 2026-09-18T15:54:01Z ===
Input files:
total 16K    
drwxr-xr-x    2 root     root        4.0K Sep 18 15:53 .
drwxrwxrwx    5 root     root        4.0K Sep 18 15:53 ..
-rw-r--r--    1 root     root          31 Sep 18 15:53 metadata.txt
-rw-r--r--    1 root     root          27 Sep 18 15:53 sample.txt

Output files:
total 12K    
drwxr-xr-x    2 root     root        4.0K Sep 18 15:53 .
drwxrwxrwx    5 root     root        4.0K Sep 18 15:53 ..
-rw-r--r--    1 root     root          74 Sep 18 15:53 processed.txt

Latest processed result:
Processing: Sample data for processing
Processed at: 2026-09-18T15:53:51Z

---
=== Monitoring shared data 2026-09-18T15:54:11Z ===
Input files:
total 16K    
drwxr-xr-x    2 root     root        4.0K Sep 18 15:53 .
drwxrwxrwx    5 root     root        4.0K Sep 18 15:53 ..
-rw-r--r--    1 root     root          31 Sep 18 15:53 metadata.txt
-rw-r--r--    1 root     root          27 Sep 18 15:53 sample.txt

Output files:
total 12K    
drwxr-xr-x    2 root     root        4.0K Sep 18 15:53 .
drwxrwxrwx    5 root     root        4.0K Sep 18 15:53 ..
-rw-r--r--    1 root     root          74 Sep 18 15:54 processed.txt

Latest processed result:
Processing: Sample data for processing
Processed at: 2026-09-18T15:54:06Z

---
=== Monitoring shared data 2026-09-18T15:54:21Z ===
Input files:
total 16K    
drwxr-xr-x    2 root     root        4.0K Sep 18 15:53 .
drwxrwxrwx    5 root     root        4.0K Sep 18 15:53 ..
-rw-r--r--    1 root     root          31 Sep 18 15:53 metadata.txt
-rw-r--r--    1 root     root          27 Sep 18 15:53 sample.txt

Output files:
total 12K    
drwxr-xr-x    2 root     root        4.0K Sep 18 15:53 .
drwxrwxrwx    5 root     root        4.0K Sep 18 15:53 ..
-rw-r--r--    1 root     root          74 Sep 18 15:54 processed.txt

Latest processed result:
Processing: Sample data for processing
Processed at: 2026-09-18T15:54:21Z

---
=== Monitoring shared data 2026-09-18T15:54:32Z ===
Input files:
total 16K    
drwxr-xr-x    2 root     root        4.0K Sep 18 15:53 .
drwxrwxrwx    5 root     root        4.0K Sep 18 15:53 ..
-rw-r--r--    1 root     root          31 Sep 18 15:53 metadata.txt
-rw-r--r--    1 root     root          27 Sep 18 15:53 sample.txt

Output files:
total 12K    
drwxr-xr-x    2 root     root        4.0K Sep 18 15:53 .
drwxrwxrwx    5 root     root        4.0K Sep 18 15:53 ..
-rw-r--r--    1 root     root          74 Sep 18 15:54 processed.txt

Latest processed result:
Processing: Sample data for processing
Processed at: 2026-09-18T15:54:21Z

---
=== Monitoring shared data 2026-09-18T15:54:42Z ===
Input files:
total 16K    
drwxr-xr-x    2 root     root        4.0K Sep 18 15:53 .
drwxrwxrwx    5 root     root        4.0K Sep 18 15:53 ..
-rw-r--r--    1 root     root          31 Sep 18 15:53 metadata.txt
-rw-r--r--    1 root     root          27 Sep 18 15:53 sample.txt

Output files:
total 12K    
drwxr-xr-x    2 root     root        4.0K Sep 18 15:53 .
drwxrwxrwx    5 root     root        4.0K Sep 18 15:53 ..
-rw-r--r--    1 root     root          74 Sep 18 15:54 processed.txt

Latest processed result:
Processing: Sample data for processing
Processed at: 2026-09-18T15:54:36Z

---
=== Monitoring shared data 2026-09-18T15:54:52Z ===
Input files:
total 16K    
drwxr-xr-x    2 root     root        4.0K Sep 18 15:53 .
drwxrwxrwx    5 root     root        4.0K Sep 18 15:53 ..
-rw-r--r--    1 root     root          31 Sep 18 15:53 metadata.txt
-rw-r--r--    1 root     root          27 Sep 18 15:53 sample.txt

Output files:
total 12K    
drwxr-xr-x    2 root     root        4.0K Sep 18 15:53 .
drwxrwxrwx    5 root     root        4.0K Sep 18 15:53 ..
-rw-r--r--    1 root     root          74 Sep 18 15:54 processed.txt

Latest processed result:
Processing: Sample data for processing
Processed at: 2026-09-18T15:54:51Z

---
=== Monitoring shared data 2026-09-18T15:55:02Z ===
Input files:
total 16K    
drwxr-xr-x    2 root     root        4.0K Sep 18 15:53 .
drwxrwxrwx    5 root     root        4.0K Sep 18 15:53 ..
-rw-r--r--    1 root     root          31 Sep 18 15:53 metadata.txt
-rw-r--r--    1 root     root          27 Sep 18 15:53 sample.txt

Output files:
total 12K    
drwxr-xr-x    2 root     root        4.0K Sep 18 15:53 .
drwxrwxrwx    5 root     root        4.0K Sep 18 15:53 ..
-rw-r--r--    1 root     root          74 Sep 18 15:54 processed.txt

Latest processed result:
Processing: Sample data for processing
Processed at: 2026-09-18T15:54:51Z

---
=== Monitoring shared data 2026-09-18T15:55:12Z ===
Input files:
total 16K    
drwxr-xr-x    2 root     root        4.0K Sep 18 15:53 .
drwxrwxrwx    5 root     root        4.0K Sep 18 15:53 ..
-rw-r--r--    1 root     root          31 Sep 18 15:53 metadata.txt
-rw-r--r--    1 root     root          27 Sep 18 15:53 sample.txt

Output files:
total 12K    
drwxr-xr-x    2 root     root        4.0K Sep 18 15:53 .
drwxrwxrwx    5 root     root        4.0K Sep 18 15:53 ..
-rw-r--r--    1 root     root          74 Sep 18 15:55 processed.txt

Latest processed result:
Processing: Sample data for processing
Processed at: 2026-09-18T15:55:06Z

---
=== Monitoring shared data 2026-09-18T15:55:22Z ===
Input files:
total 16K    
drwxr-xr-x    2 root     root        4.0K Sep 18 15:53 .
drwxrwxrwx    5 root     root        4.0K Sep 18 15:53 ..
-rw-r--r--    1 root     root          31 Sep 18 15:53 metadata.txt
-rw-r--r--    1 root     root          27 Sep 18 15:53 sample.txt

Output files:
total 12K    
drwxr-xr-x    2 root     root        4.0K Sep 18 15:53 .
drwxrwxrwx    5 root     root        4.0K Sep 18 15:53 ..
-rw-r--r--    1 root     root          74 Sep 18 15:55 processed.txt

Latest processed result:
Processing: Sample data for processing
Processed at: 2026-09-18T15:55:21Z

---
=== Monitoring shared data 2026-09-18T15:55:32Z ===
Input files:
total 16K    
drwxr-xr-x    2 root     root        4.0K Sep 18 15:53 .
drwxrwxrwx    5 root     root        4.0K Sep 18 15:53 ..
-rw-r--r--    1 root     root          31 Sep 18 15:53 metadata.txt
-rw-r--r--    1 root     root          27 Sep 18 15:53 sample.txt

Output files:
total 12K    
drwxr-xr-x    2 root     root        4.0K Sep 18 15:53 .
drwxrwxrwx    5 root     root        4.0K Sep 18 15:53 ..
-rw-r--r--    1 root     root          74 Sep 18 15:55 processed.txt

Latest processed result:
Processing: Sample data for processing
Processed at: 2026-09-18T15:55:21Z

---
=== Monitoring shared data 2026-09-18T15:55:42Z ===
Input files:
total 16K    
drwxr-xr-x    2 root     root        4.0K Sep 18 15:53 .
drwxrwxrwx    5 root     root        4.0K Sep 18 15:53 ..
-rw-r--r--    1 root     root          31 Sep 18 15:53 metadata.txt
-rw-r--r--    1 root     root          27 Sep 18 15:53 sample.txt

Output files:
total 12K    
drwxr-xr-x    2 root     root        4.0K Sep 18 15:53 .
drwxrwxrwx    5 root     root        4.0K Sep 18 15:53 ..
-rw-r--r--    1 root     root          74 Sep 18 15:55 processed.txt

Latest processed result:
Processing: Sample data for processing
Processed at: 2026-09-18T15:55:36Z

---
=== Monitoring shared data 2026-09-18T15:55:52Z ===
Input files:
total 16K    
drwxr-xr-x    2 root     root        4.0K Sep 18 15:53 .
drwxrwxrwx    5 root     root        4.0K Sep 18 15:53 ..
-rw-r--r--    1 root     root          31 Sep 18 15:53 metadata.txt
-rw-r--r--    1 root     root          27 Sep 18 15:53 sample.txt

Output files:
total 12K    
drwxr-xr-x    2 root     root        4.0K Sep 18 15:53 .
drwxrwxrwx    5 root     root        4.0K Sep 18 15:53 ..
-rw-r--r--    1 root     root          74 Sep 18 15:55 processed.txt

Latest processed result:
Processing: Sample data for processing
Processed at: 2026-09-18T15:55:51Z

---
